0 verbose cli /home/am-pc-27/.nvm/versions/node/v26.5.0/bin/node /home/am-pc-27/.nvm/versions/node/v26.5.0/lib/node_modules/npm/bin/npm-cli.js
1 info using npm@11.17.0
2 info using node@v26.5.0
3 silly config load:file:/home/am-pc-27/.nvm/versions/node/v26.5.0/lib/node_modules/npm/npmrc
4 silly config load:file:/home/am-pc-27/Documents/Family/.npmrc
5 silly config load:file:/home/am-pc-27/.nvm/versions/node/v26.5.0/etc/npmrc
6 verbose title npm exec create-next-app@latest ./ --ts --tailwind --eslint --app --src-dir --import-alias @/* --use-npm --yes
7 verbose argv "exec" "--yes" "--" "create-next-app@latest" "./" "--ts" "--tailwind" "--eslint" "--app" "--src-dir" "--import-alias" "@/*" "--use-npm" "--yes"
8 verbose logfile logs-max:10 dir:/home/am-pc-27/Documents/Family/.npm/_logs/2026-07-29T10_50_36_100Z-
9 verbose logfile /home/am-pc-27/Documents/Family/.npm/_logs/2026-07-29T10_50_36_100Z-debug-0.log
10 silly logfile done cleaning log files
11 silly packumentCache heap:2248146944 maxSize:562036736 maxEntrySize:281018368
12 http fetch GET 200 https://registry.npmjs.org/npm 369ms
13 http fetch GET 200 https://registry.npmjs.org/create-next-app 453ms (cache miss)
14 silly packumentCache heap:2248146944 maxSize:562036736 maxEntrySize:281018368
15 silly packumentCache heap:2248146944 maxSize:562036736 maxEntrySize:281018368
16 silly idealTree buildDeps
17 silly fetch manifest create-next-app@16.2.12
18 silly packumentCache full:https://registry.npmjs.org/create-next-app cache-miss
19 http fetch GET 200 https://registry.npmjs.org/create-next-app 272ms (cache miss)
20 silly packumentCache full:https://registry.npmjs.org/create-next-app set size:undefined disposed:false
21 silly placeDep ROOT create-next-app@16.2.12 OK for:  want: 16.2.12
22 silly reify moves {}
23 silly audit bulk request { 'create-next-app': [ '16.2.12' ] }
24 http cache create-next-app@https://registry.npmjs.org/create-next-app/-/create-next-app-16.2.12.tgz 0ms (cache hit)
25 silly tarball no local data for create-next-app@https://registry.npmjs.org/create-next-app/-/create-next-app-16.2.12.tgz. Extracting by manifest.
26 http fetch GET 200 https://registry.npmjs.org/create-next-app/-/create-next-app-16.2.12.tgz 213ms (cache miss)
27 http fetch POST 200 https://registry.npmjs.org/-/npm/v1/security/advisories/bulk 270ms
28 silly audit report {}
29 verbose cwd /home/am-pc-27/Documents/Family
30 verbose os Linux 7.0.0-27-generic
31 verbose node v26.5.0
32 verbose npm  v11.17.0
33 notice
33 notice New [31mmajor[39m version of npm available! [31m11.17.0[39m -> [34m12.0.1[39m
33 notice Changelog: [34mhttps://github.com/npm/cli/releases/tag/v12.0.1[39m
33 notice To update run: [4mnpm install -g npm@12.0.1[24m
33 notice  { force: true, Symbol(proc-log.meta): true }
34 verbose exit 1
35 verbose code 1
