0 verbose cli /home/am-pc-27/.nvm/versions/node/v26.5.0/bin/node /home/am-pc-27/.nvm/versions/node/v26.5.0/lib/node_modules/npm/bin/npm-cli.js
1 info using npm@11.17.0
2 info using node@v26.5.0
3 silly config load:file:/home/am-pc-27/.nvm/versions/node/v26.5.0/lib/node_modules/npm/npmrc
4 silly config load:file:/home/am-pc-27/Documents/Family/.npmrc
5 silly config load:file:/home/am-pc-27/.nvm/versions/node/v26.5.0/etc/npmrc
6 verbose title npm exec create-next-app@latest chilakala-hub --ts --tailwind --eslint --app --src-dir --import-alias @/* --use-npm --yes
7 verbose argv "exec" "--yes" "--" "create-next-app@latest" "chilakala-hub" "--ts" "--tailwind" "--eslint" "--app" "--src-dir" "--import-alias" "@/*" "--use-npm" "--yes"
8 verbose logfile logs-max:10 dir:/home/am-pc-27/Documents/Family/.npm/_logs/2026-07-29T10_50_47_250Z-
9 verbose logfile /home/am-pc-27/Documents/Family/.npm/_logs/2026-07-29T10_50_47_250Z-debug-0.log
10 silly logfile done cleaning log files
11 silly packumentCache heap:2248146944 maxSize:562036736 maxEntrySize:281018368
12 http fetch GET 200 https://registry.npmjs.org/create-next-app 648ms (cache revalidated)
13 silly packumentCache heap:2248146944 maxSize:562036736 maxEntrySize:281018368
14 silly packumentCache heap:2248146944 maxSize:562036736 maxEntrySize:281018368
15 verbose cwd /home/am-pc-27/Documents/Family
16 verbose os Linux 7.0.0-27-generic
17 verbose node v26.5.0
18 verbose npm  v11.17.0
19 verbose exit 0
20 info ok
